../Core/Src/main.c:136:7:map	32	static
../Core/Src/main.c:142:6:HAL_CAN_RxFifo0MsgPendingCallback	16	static
../Core/Src/main.c:168:7:encoder	16	static
../Core/Src/main.c:233:7:Speed_encoder	24	static
../Core/Src/main.c:240:6:read_encoder	24	static
../Core/Src/main.c:265:5:main	8	static
../Core/Src/main.c:336:6:SystemClock_Config	88	static
../Core/Src/main.c:379:6:HAL_GPIO_EXTI_Callback	16	static
../Core/Src/main.c:408:6:HAL_TIM_PeriodElapsedCallback	32	static
../Core/Src/main.c:451:6:Error_Handler	4	static,ignoring_inline_asm
